// Jest Snapshot v1, https://goo.gl/fbAQLP

exports[`renders according to the snapshot 1`] = `
ShallowWrapper {
  "length": 1,
  Symbol(enzyme.__root__): [Circular],
  Symbol(enzyme.__unrendered__): <Masthead />,
  Symbol(enzyme.__renderer__): Object {
    "batchedUpdates": [Function],
    "getNode": [Function],
    "render": [Function],
    "simulateEvent": [Function],
    "unmount": [Function],
  },
  Symbol(enzyme.__node__): Object {
    "instance": null,
    "key": undefined,
    "nodeType": "host",
    "props": Object {
      "children": Array [
        <h1
          className="masthead__header"
>
          Electron React Starter Kit
</h1>,
        <img
          alt="logo"
          className="masthead__logo"
          src="logo.svg"
/>,
      ],
      "className": "masthead",
    },
    "ref": null,
    "rendered": Array [
      Object {
        "instance": null,
        "key": undefined,
        "nodeType": "host",
        "props": Object {
          "children": "Electron React Starter Kit",
          "className": "masthead__header",
        },
        "ref": null,
        "rendered": "Electron React Starter Kit",
        "type": "h1",
      },
      Object {
        "instance": null,
        "key": undefined,
        "nodeType": "host",
        "props": Object {
          "alt": "logo",
          "className": "masthead__logo",
          "src": "logo.svg",
        },
        "ref": null,
        "rendered": null,
        "type": "img",
      },
    ],
    "type": "header",
  },
  Symbol(enzyme.__nodes__): Array [
    Object {
      "instance": null,
      "key": undefined,
      "nodeType": "host",
      "props": Object {
        "children": Array [
          <h1
            className="masthead__header"
>
            Electron React Starter Kit
</h1>,
          <img
            alt="logo"
            className="masthead__logo"
            src="logo.svg"
/>,
        ],
        "className": "masthead",
      },
      "ref": null,
      "rendered": Array [
        Object {
          "instance": null,
          "key": undefined,
          "nodeType": "host",
          "props": Object {
            "children": "Electron React Starter Kit",
            "className": "masthead__header",
          },
          "ref": null,
          "rendered": "Electron React Starter Kit",
          "type": "h1",
        },
        Object {
          "instance": null,
          "key": undefined,
          "nodeType": "host",
          "props": Object {
            "alt": "logo",
            "className": "masthead__logo",
            "src": "logo.svg",
          },
          "ref": null,
          "rendered": null,
          "type": "img",
        },
      ],
      "type": "header",
    },
  ],
  Symbol(enzyme.__options__): Object {
    "adapter": ReactSixteenAdapter {
      "options": Object {
        "enableComponentDidUpdateOnSetState": true,
      },
    },
  },
}
`;
